Archive member included because of file (symbol)

d:/winavr-20100110/bin/../lib/gcc/avr/4.3.3/avr51\libgcc.a(_exit.o)
                              d:/winavr-20100110/bin/../lib/gcc/avr/4.3.3/../../../../avr/lib/avr51/crtm128.o (exit)
d:/winavr-20100110/bin/../lib/gcc/avr/4.3.3/avr51\libgcc.a(_clear_bss.o)
                              stepper.o (__do_clear_bss)

Memory Configuration

Name             Origin             Length             Attributes
text             0x00000000         0x00020000         xr
data             0x00800060         0x0000ffa0         rw !x
eeprom           0x00810000         0x00010000         rw !x
fuse             0x00820000         0x00000400         rw !x
lock             0x00830000         0x00000400         rw !x
signature        0x00840000         0x00000400         rw !x
*default*        0x00000000         0xffffffff

Linker script and memory map

Address of section .data set to 0x800100
LOAD d:/winavr-20100110/bin/../lib/gcc/avr/4.3.3/../../../../avr/lib/avr51/crtm128.o
LOAD useless-box.o
LOAD stepper.o
LOAD h-bridge.o
LOAD sensors.o
LOAD d:/winavr-20100110/bin/../lib/gcc/avr/4.3.3/avr51\libgcc.a
LOAD d:/winavr-20100110/bin/../lib/gcc/avr/4.3.3/../../../../avr/lib/avr51\libc.a
LOAD d:/winavr-20100110/bin/../lib/gcc/avr/4.3.3/avr51\libgcc.a

.hash
 *(.hash)

.dynsym
 *(.dynsym)

.dynstr
 *(.dynstr)

.gnu.version
 *(.gnu.version)

.gnu.version_d
 *(.gnu.version_d)

.gnu.version_r
 *(.gnu.version_r)

.rel.init
 *(.rel.init)

.rela.init
 *(.rela.init)

.rel.text
 *(.rel.text)
 *(.rel.text.*)
 *(.rel.gnu.linkonce.t*)

.rela.text
 *(.rela.text)
 *(.rela.text.*)
 *(.rela.gnu.linkonce.t*)

.rel.fini
 *(.rel.fini)

.rela.fini
 *(.rela.fini)

.rel.rodata
 *(.rel.rodata)
 *(.rel.rodata.*)
 *(.rel.gnu.linkonce.r*)

.rela.rodata
 *(.rela.rodata)
 *(.rela.rodata.*)
 *(.rela.gnu.linkonce.r*)

.rel.data
 *(.rel.data)
 *(.rel.data.*)
 *(.rel.gnu.linkonce.d*)

.rela.data
 *(.rela.data)
 *(.rela.data.*)
 *(.rela.gnu.linkonce.d*)

.rel.ctors
 *(.rel.ctors)

.rela.ctors
 *(.rela.ctors)

.rel.dtors
 *(.rel.dtors)

.rela.dtors
 *(.rela.dtors)

.rel.got
 *(.rel.got)

.rela.got
 *(.rela.got)

.rel.bss
 *(.rel.bss)

.rela.bss
 *(.rela.bss)

.rel.plt
 *(.rel.plt)

.rela.plt
 *(.rela.plt)

.text           0x00000000      0x4b0
 *(.vectors)
 .vectors       0x00000000       0x8c d:/winavr-20100110/bin/../lib/gcc/avr/4.3.3/../../../../avr/lib/avr51/crtm128.o
                0x00000000                __vectors
                0x00000000                __vector_default
 *(.vectors)
 *(.progmem.gcc*)
 *(.progmem*)
                0x0000008c                . = ALIGN (0x2)
                0x0000008c                __trampolines_start = .
 *(.trampolines)
 .trampolines   0x0000008c        0x0 linker stubs
 *(.trampolines*)
                0x0000008c                __trampolines_end = .
 *(.jumptables)
 *(.jumptables*)
 *(.lowtext)
 *(.lowtext*)
                0x0000008c                __ctors_start = .
 *(.ctors)
                0x0000008c                __ctors_end = .
                0x0000008c                __dtors_start = .
 *(.dtors)
                0x0000008c                __dtors_end = .
 SORT(*)(.ctors)
 SORT(*)(.dtors)
 *(.init0)
 .init0         0x0000008c        0x0 d:/winavr-20100110/bin/../lib/gcc/avr/4.3.3/../../../../avr/lib/avr51/crtm128.o
                0x0000008c                __init
 *(.init0)
 *(.init1)
 *(.init1)
 *(.init2)
 .init2         0x0000008c        0xc d:/winavr-20100110/bin/../lib/gcc/avr/4.3.3/../../../../avr/lib/avr51/crtm128.o
 *(.init2)
 *(.init3)
 *(.init3)
 *(.init4)
 .init4         0x00000098       0x1a d:/winavr-20100110/bin/../lib/gcc/avr/4.3.3/../../../../avr/lib/avr51/crtm128.o
                0x00000098                __do_copy_data
 .init4         0x000000b2       0x10 d:/winavr-20100110/bin/../lib/gcc/avr/4.3.3/avr51\libgcc.a(_clear_bss.o)
                0x000000b2                __do_clear_bss
 *(.init4)
 *(.init5)
 *(.init5)
 *(.init6)
 *(.init6)
 *(.init7)
 *(.init7)
 *(.init8)
 *(.init8)
 *(.init9)
 .init9         0x000000c2        0x8 d:/winavr-20100110/bin/../lib/gcc/avr/4.3.3/../../../../avr/lib/avr51/crtm128.o
 *(.init9)
 *(.text)
 .text          0x000000ca        0x4 d:/winavr-20100110/bin/../lib/gcc/avr/4.3.3/../../../../avr/lib/avr51/crtm128.o
                0x000000ca                __vector_22
                0x000000ca                __vector_28
                0x000000ca                __vector_1
                0x000000ca                __vector_32
                0x000000ca                __vector_34
                0x000000ca                __vector_24
                0x000000ca                __vector_12
                0x000000ca                __bad_interrupt
                0x000000ca                __vector_6
                0x000000ca                __vector_31
                0x000000ca                __vector_3
                0x000000ca                __vector_23
                0x000000ca                __vector_30
                0x000000ca                __vector_25
                0x000000ca                __vector_11
                0x000000ca                __vector_13
                0x000000ca                __vector_17
                0x000000ca                __vector_19
                0x000000ca                __vector_7
                0x000000ca                __vector_27
                0x000000ca                __vector_5
                0x000000ca                __vector_33
                0x000000ca                __vector_4
                0x000000ca                __vector_9
                0x000000ca                __vector_2
                0x000000ca                __vector_21
                0x000000ca                __vector_15
                0x000000ca                __vector_29
                0x000000ca                __vector_8
                0x000000ca                __vector_26
                0x000000ca                __vector_14
                0x000000ca                __vector_10
                0x000000ca                __vector_16
                0x000000ca                __vector_18
                0x000000ca                __vector_20
 .text          0x000000ce       0xd2 useless-box.o
                0x000000ce                sleep
                0x000000ea                main
 .text          0x000001a0      0x1de stepper.o
                0x000001b2                Step
                0x00000304                South_Step_To_Home
                0x00000226                StepToPos
                0x00000268                North_Step_To_Home_Test
                0x000002ac                North_Step_To_Home
                0x000001a0                Stepper_initialise
 .text          0x0000037e       0x82 h-bridge.o
                0x000003e4                south_in
                0x00000390                north_out
                0x000003ac                north_in
                0x000003c8                south_out
                0x0000037e                HBR_initialise
 .text          0x00000400       0xac sensors.o
                0x00000448                check_switchs
                0x00000400                sensor_initialise
                0x00000416                north_home
                0x0000043e                south_home
 .text          0x000004ac        0x0 d:/winavr-20100110/bin/../lib/gcc/avr/4.3.3/avr51\libgcc.a(_exit.o)
 .text          0x000004ac        0x0 d:/winavr-20100110/bin/../lib/gcc/avr/4.3.3/avr51\libgcc.a(_clear_bss.o)
                0x000004ac                . = ALIGN (0x2)
 *(.text.*)
 .text.libgcc   0x000004ac        0x0 d:/winavr-20100110/bin/../lib/gcc/avr/4.3.3/avr51\libgcc.a(_exit.o)
 .text.libgcc   0x000004ac        0x0 d:/winavr-20100110/bin/../lib/gcc/avr/4.3.3/avr51\libgcc.a(_clear_bss.o)
                0x000004ac                . = ALIGN (0x2)
 *(.fini9)
 .fini9         0x000004ac        0x0 d:/winavr-20100110/bin/../lib/gcc/avr/4.3.3/avr51\libgcc.a(_exit.o)
                0x000004ac                exit
                0x000004ac                _exit
 *(.fini9)
 *(.fini8)
 *(.fini8)
 *(.fini7)
 *(.fini7)
 *(.fini6)
 *(.fini6)
 *(.fini5)
 *(.fini5)
 *(.fini4)
 *(.fini4)
 *(.fini3)
 *(.fini3)
 *(.fini2)
 *(.fini2)
 *(.fini1)
 *(.fini1)
 *(.fini0)
 .fini0         0x000004ac        0x4 d:/winavr-20100110/bin/../lib/gcc/avr/4.3.3/avr51\libgcc.a(_exit.o)
 *(.fini0)
                0x000004b0                _etext = .

.data           0x00800100       0x10 load address 0x000004b0
                0x00800100                PROVIDE (__data_start, .)
 *(.data)
 .data          0x00800100        0x0 d:/winavr-20100110/bin/../lib/gcc/avr/4.3.3/../../../../avr/lib/avr51/crtm128.o
 .data          0x00800100       0x10 useless-box.o
 .data          0x00800110        0x0 stepper.o
 .data          0x00800110        0x0 h-bridge.o
 .data          0x00800110        0x0 sensors.o
 .data          0x00800110        0x0 d:/winavr-20100110/bin/../lib/gcc/avr/4.3.3/avr51\libgcc.a(_exit.o)
 .data          0x00800110        0x0 d:/winavr-20100110/bin/../lib/gcc/avr/4.3.3/avr51\libgcc.a(_clear_bss.o)
 *(.data*)
 *(.rodata)
 *(.rodata*)
 *(.gnu.linkonce.d*)
                0x00800110                . = ALIGN (0x2)
                0x00800110                _edata = .
                0x00800110                PROVIDE (__data_end, .)

.bss            0x00800110        0x2
                0x00800110                PROVIDE (__bss_start, .)
 *(.bss)
 .bss           0x00800110        0x0 d:/winavr-20100110/bin/../lib/gcc/avr/4.3.3/../../../../avr/lib/avr51/crtm128.o
 .bss           0x00800110        0x0 useless-box.o
 .bss           0x00800110        0x2 stepper.o
 .bss           0x00800112        0x0 h-bridge.o
 .bss           0x00800112        0x0 sensors.o
 .bss           0x00800112        0x0 d:/winavr-20100110/bin/../lib/gcc/avr/4.3.3/avr51\libgcc.a(_exit.o)
 .bss           0x00800112        0x0 d:/winavr-20100110/bin/../lib/gcc/avr/4.3.3/avr51\libgcc.a(_clear_bss.o)
 *(.bss*)
 *(COMMON)
                0x00800112                PROVIDE (__bss_end, .)
                0x000004b0                __data_load_start = LOADADDR (.data)
                0x000004c0                __data_load_end = (__data_load_start + SIZEOF (.data))

.noinit         0x00800112        0x0
                0x00800112                PROVIDE (__noinit_start, .)
 *(.noinit*)
                0x00800112                PROVIDE (__noinit_end, .)
                0x00800112                _end = .
                0x00800112                PROVIDE (__heap_start, .)

.eeprom         0x00810000        0x0
 *(.eeprom*)
                0x00810000                __eeprom_end = .

.fuse
 *(.fuse)
 *(.lfuse)
 *(.hfuse)
 *(.efuse)

.lock
 *(.lock*)

.signature
 *(.signature*)

.stab
 *(.stab)

.stabstr
 *(.stabstr)

.stab.excl
 *(.stab.excl)

.stab.exclstr
 *(.stab.exclstr)

.stab.index
 *(.stab.index)

.stab.indexstr
 *(.stab.indexstr)

.comment
 *(.comment)

.debug
 *(.debug)

.line
 *(.line)

.debug_srcinfo
 *(.debug_srcinfo)

.debug_sfnames
 *(.debug_sfnames)

.debug_aranges  0x00000000       0x80
 *(.debug_aranges)
 .debug_aranges
                0x00000000       0x20 useless-box.o
 .debug_aranges
                0x00000020       0x20 stepper.o
 .debug_aranges
                0x00000040       0x20 h-bridge.o
 .debug_aranges
                0x00000060       0x20 sensors.o

.debug_pubnames
                0x00000000      0x162
 *(.debug_pubnames)
 .debug_pubnames
                0x00000000       0x25 useless-box.o
 .debug_pubnames
                0x00000025       0x8a stepper.o
 .debug_pubnames
                0x000000af       0x5b h-bridge.o
 .debug_pubnames
                0x0000010a       0x58 sensors.o

.debug_info     0x00000000      0xad5
 *(.debug_info)
 .debug_info    0x00000000      0x194 useless-box.o
 .debug_info    0x00000194      0x509 stepper.o
 .debug_info    0x0000069d      0x260 h-bridge.o
 .debug_info    0x000008fd      0x1d8 sensors.o
 *(.gnu.linkonce.wi.*)

.debug_abbrev   0x00000000      0x45d
 *(.debug_abbrev)
 .debug_abbrev  0x00000000      0x11a useless-box.o
 .debug_abbrev  0x0000011a      0x14f stepper.o
 .debug_abbrev  0x00000269       0xd2 h-bridge.o
 .debug_abbrev  0x0000033b      0x122 sensors.o

.debug_line     0x00000000      0xa09
 *(.debug_line)
 .debug_line    0x00000000      0x1c3 useless-box.o
 .debug_line    0x000001c3      0x417 stepper.o
 .debug_line    0x000005da      0x21e h-bridge.o
 .debug_line    0x000007f8      0x211 sensors.o

.debug_frame    0x00000000      0x150
 *(.debug_frame)
 .debug_frame   0x00000000       0x30 useless-box.o
 .debug_frame   0x00000030       0x70 stepper.o
 .debug_frame   0x000000a0       0x60 h-bridge.o
 .debug_frame   0x00000100       0x50 sensors.o

.debug_str      0x00000000      0x214
 *(.debug_str)
 .debug_str     0x00000000       0xef useless-box.o
                                0x123 (size before relaxing)
 .debug_str     0x000000ef       0x82 stepper.o
                                0x17f (size before relaxing)
 .debug_str     0x00000171       0x43 h-bridge.o
                                0x13b (size before relaxing)
 .debug_str     0x000001b4       0x60 sensors.o
                                0x15d (size before relaxing)

.debug_loc      0x00000000      0x31d
 *(.debug_loc)
 .debug_loc     0x00000000       0x2e useless-box.o
 .debug_loc     0x0000002e      0x259 stepper.o
 .debug_loc     0x00000287       0x96 sensors.o

.debug_macinfo
 *(.debug_macinfo)
OUTPUT(useless-box.elf elf32-avr)
LOAD linker stubs

.debug_ranges   0x00000000      0x2a0
 .debug_ranges  0x00000000      0x258 stepper.o
 .debug_ranges  0x00000258       0x48 sensors.o
